EloqKV Benchmark Results Table - Tue Jul  8 06:04:10 UTC 2025
==============================================================================================================================================================================

CORE_DISPATCHER_COMBINATIONS: 1,1 2,1 4,1 8,2 16,4 32,6 48,8
THREAD_CLIENT_COMBINATIONS: 32,4 32,8 32,16 32,32 32,64

Cores  Dispatchers Threads  Clients  Ops/sec      Hits/sec   Avg_Latency  p50_Latency  p99_Latency  p99.9_Latency KB/sec       Misses/sec   Status
-----  ----------  -------  -------  -----------  ---------  -----------  -----------  -----------  ------------- ----------   ----------   ------
1      1           32       4        96664.10     0.00       1.32024      1.31900      1.55100      2.63900      16102.31     0.00         SUCCESS
1      1           32       8        96431.67     0.00       2.65175      2.65500      2.87900      5.85500      16063.55     0.00         SUCCESS
1      1           32       16       94264.93     0.00       5.42788      5.40700      5.88700      12.15900     15702.61     0.00         SUCCESS
1      1           32       32       73476.91     0.00       13.92896     10.87900     29.56700     30.97500     12239.77     0.00         SUCCESS
1      1           32       64       84324.52     0.00       24.27479     21.63100     45.31100     56.57500     14046.78     0.00         SUCCESS
2      1           32       4        168983.70    0.00       0.75387      0.75100      1.19900      1.51900      28149.31     0.00         SUCCESS
2      1           32       8        166986.37    0.00       1.55508      1.55100      2.60700      3.55100      27816.57     0.00         SUCCESS
2      1           32       16       162846.59    0.00       3.13968      3.13500      5.31100      7.16700      27126.94     0.00         SUCCESS
2      1           32       32       166525.26    0.00       6.24168      6.23900      12.03100     14.20700     27739.75     0.00         SUCCESS
2      1           32       64       163939.40    0.00       12.48351     12.47900     17.02300     32.51100     27309.01     0.00         SUCCESS
4      1           32       4        243744.22    0.00       0.52226      0.54300      1.15100      1.39900      40602.91     0.00         SUCCESS
4      1           32       8        313996.31    0.00       0.81286      0.76700      1.48700      1.86300      52305.46     0.00         SUCCESS
4      1           32       16       311840.47    0.00       1.63919      1.56700      3.61500      4.86300      51946.29     0.00         SUCCESS
4      1           32       32       313168.41    0.00       3.26676      3.18300      9.15100      11.00700     52167.50     0.00         SUCCESS
4      1           32       64       305502.00    0.00       6.69984      6.59100      23.16700     27.26300     50890.52     0.00         SUCCESS
8      2           32       4        537617.32    0.00       0.23690      0.19900      0.60700      0.72700      89556.29     0.00         SUCCESS
8      2           32       8        574351.47    0.00       0.44443      0.42300      0.85500      1.13500      95675.42     0.00         SUCCESS
8      2           32       16       575973.36    0.00       0.88746      0.79900      2.38300      2.99100      95945.55     0.00         SUCCESS
8      2           32       32       564485.71    0.00       1.81207      1.54300      6.52700      7.96700      94031.88     0.00         SUCCESS
8      2           32       64       542832.93    0.00       3.77048      2.46300      15.99900     19.71100     90425.06     0.00         SUCCESS
16     4           32       4        987985.15    0.00       0.12897      0.11900      0.27900      0.37500      164578.42    0.00         SUCCESS
16     4           32       8        1041582.42   0.00       0.24516      0.23900      0.47900      0.69500      173506.65    0.00         SUCCESS
16     4           32       16       1112729.58   0.00       0.46725      0.44700      0.99100      1.37500      185358.33    0.00         SUCCESS
16     4           32       32       1091852.46   0.00       0.93705      0.78300      2.86300      4.67100      181880.64    0.00         SUCCESS
16     4           32       64       1085163.84   0.00       1.88619      1.47100      6.55900      13.37500     180766.41    0.00         SUCCESS
32     6           32       4        1607130.39   0.00       0.07945      0.07900      0.16700      0.23100      267715.49    0.00         SUCCESS
32     6           32       8        1865768.04   0.00       0.13710      0.12700      0.31900      0.39900      310799.29    0.00         SUCCESS
32     6           32       16       1927849.08   0.00       0.26548      0.26300      0.51100      0.68700      321140.87    0.00         SUCCESS
32     6           32       32       1963682.89   0.00       0.52133      0.45500      1.53500      2.23900      327109.98    0.00         SUCCESS
32     6           32       64       1988524.11   0.00       1.02971      0.59900      4.57500      5.82300      331248.05    0.00         SUCCESS
48     8           32       4        1520998.13   0.00       0.08393      0.07900      0.18300      0.25500      253367.61    0.00         SUCCESS
48     8           32       8        1954217.06   0.00       0.12879      0.11900      0.31900      0.44700      325533.13    0.00         SUCCESS
48     8           32       16       2351077.09   0.00       0.21778      0.20700      0.45500      0.87100      391642.16    0.00         SUCCESS
48     8           32       32       2529705.66   0.00       0.40490      0.39100      0.81500      1.51900      421397.88    0.00         SUCCESS
48     8           32       64       2564177.56   0.00       0.79878      0.66300      2.41500      4.28700      427140.24    0.00         SUCCESS

Notes:
- Ops/sec: Operations per second
- Hits/sec: Cache hits per second
- Misses/sec: Cache misses per second
- Avg_Latency: Average latency in milliseconds
- p50_Latency: 50th percentile latency in milliseconds
- p99_Latency: 99th percentile latency in milliseconds
- p99.9_Latency: 99.9th percentile latency in milliseconds
- KB/sec: Throughput in kilobytes per second
- Status: SUCCESS/PARTIAL/FAILED/NO_LOG
  * SUCCESS: All metrics extracted successfully
  * PARTIAL: Only basic metrics available
  * FAILED: Benchmark failed or metrics not parseable
  * NO_LOG: Log file not found